###############################################################################
#
# IAR ELF Linker V9.10.2.313/W64 for ARM                  06/Aug/2022  13:30:51
# Copyright 2007-2021 IAR Systems AB.
#
#    Output file  =
#        C:\Project\ParamOrganizer\Test\Debug\Exe\ParamOrganizerTest.out
#    Map file     =
#        C:\Project\ParamOrganizer\Test\Debug\List\ParamOrganizerTest.map
#    Command line =
#        -f C:\Project\ParamOrganizer\Test\Debug\Exe\ParamOrganizerTest.out.rsp
#        (C:\Project\ParamOrganizer\Test\Debug\Obj\main.o
#        C:\Project\ParamOrganizer\Test\Debug\Obj\Src\ParamOrganizer.o
#        --no_out_extension -o
#        C:\Project\ParamOrganizer\Test\Debug\Exe\ParamOrganizerTest.out
#        --redirect _Printf=_PrintfFullNoMb --redirect _Scanf=_ScanfFullNoMb
#        --map C:\Project\ParamOrganizer\Test\Debug\List\ParamOrganizerTest.map
#        --config "C:\Program Files\IAR Systems\Embedded Workbench
#        9.0\arm\CONFIG\generic_cortex.icf" --semihosting --entry
#        __iar_program_start --vfe --text_out locale)
#
###############################################################################

*******************************************************************************
*** RUNTIME MODEL ATTRIBUTES
***

CppFlavor       = *
__SystemLibrary = DLib
__dlib_version  = 6


*******************************************************************************
*** HEAP SELECTION
***

The basic heap was selected because no calls to memory allocation
functions were found in the application outside of system library
functions, and there are calls to deallocation functions in the
application.


*******************************************************************************
*** PLACEMENT SUMMARY
***

"A0":  place at address 0x0 { ro section .intvec };
"P1":  place in [from 0x0 to 0x7'ffff] { ro };
define block CSTACK with size = 1K, alignment = 8 { };
define block PROC_STACK with size = 0, alignment = 8 { };
define block HEAP with size = 2K, alignment = 8 { };
"P2":  place in [from 0x2000'0000 to 0x2000'ffff] {
          rw, block CSTACK, block PROC_STACK, block HEAP };

No sections matched the following patterns:

  rw  in "P2"


  Section   Kind         Address   Size  Object
  -------   ----         -------   ----  ------
"A0":                              0x40
  .intvec   ro code          0x0   0x40  vector_table_M.o [4]
                          - 0x40   0x40

"P1":                             0x16c
  .text     ro code         0x40   0xf8  ParamOrganizer.o [2]
  .text     ro code        0x138   0x1e  cmain.o [4]
  .text     ro code        0x156    0x4  low_level_init.o [3]
  .text     ro code        0x15a   0x12  main.o [1]
  .text     ro code        0x16c    0x4  exit.o [3]
  .text     ro code        0x170    0xa  cexit.o [4]
  .text     ro code        0x17a    0x2  vectortrap_M.o [4]
  .text     ro code        0x17c   0x14  exit.o [5]
  .text     ro code        0x190   0x1c  cstartup_M.o [4]
                         - 0x1ac  0x16c

"P2":                             0x400
  CSTACK             0x2000'0000  0x400  <Block>
    CSTACK  uninit   0x2000'0000  0x400  <Block tail>
                   - 0x2000'0400  0x400

Unused ranges:

         From           To      Size
         ----           --      ----
        0x1ac     0x7'ffff  0x7'fe54
  0x2000'0400  0x2000'ffff    0xfc00



*******************************************************************************
*** MODULE SUMMARY
***

    Module            ro code  rw data
    ------            -------  -------
command line/config:
    ----------------------------------
    Total:

C:\Project\ParamOrganizer\Test\Debug\Obj: [1]
    main.o                 18
    ----------------------------------
    Total:                 18

C:\Project\ParamOrganizer\Test\Debug\Obj\Src: [2]
    ParamOrganizer.o      248
    ----------------------------------
    Total:                248

dl7M_tln.a: [3]
    exit.o                  4
    low_level_init.o        4
    ----------------------------------
    Total:                  8

rt7M_tl.a: [4]
    cexit.o                10
    cmain.o                30
    cstartup_M.o           28
    vector_table_M.o       64
    vectortrap_M.o          2
    ----------------------------------
    Total:                134

shb_l.a: [5]
    exit.o                 20
    ----------------------------------
    Total:                 20

    Linker created               1'024
--------------------------------------
    Grand Total:          428    1'024


*******************************************************************************
*** ENTRY LIST
***

Entry                     Address  Size  Type      Object
-----                     -------  ----  ----      ------
?main                       0x139        Code  Gb  cmain.o [4]
BusFault_Handler            0x17b        Code  Wk  vectortrap_M.o [4]
CSTACK$$Base          0x2000'0000         --   Gb  - Linker created -
CSTACK$$Limit         0x2000'0400         --   Gb  - Linker created -
DebugMon_Handler            0x17b        Code  Wk  vectortrap_M.o [4]
HardFault_Handler           0x17b        Code  Wk  vectortrap_M.o [4]
MemManage_Handler           0x17b        Code  Wk  vectortrap_M.o [4]
NMI_Handler                 0x17b        Code  Wk  vectortrap_M.o [4]
PendSV_Handler              0x17b        Code  Wk  vectortrap_M.o [4]
Region$$Table$$Base           0x0         --   Gb  - Linker created -
Region$$Table$$Limit          0x0         --   Gb  - Linker created -
SVC_Handler                 0x17b        Code  Wk  vectortrap_M.o [4]
SysTick_Handler             0x17b        Code  Wk  vectortrap_M.o [4]
UsageFault_Handler          0x17b        Code  Wk  vectortrap_M.o [4]
__cmain                     0x139        Code  Gb  cmain.o [4]
__exit                      0x17d  0x14  Code  Gb  exit.o [5]
__iar_program_start         0x191        Code  Gb  cstartup_M.o [4]
__low_level_init            0x157   0x4  Code  Gb  low_level_init.o [3]
__vector_table                0x0        Data  Gb  vector_table_M.o [4]
_call_main                  0x145        Code  Gb  cmain.o [4]
_exit                       0x171        Code  Gb  cexit.o [4]
exit                        0x16d   0x4  Code  Gb  exit.o [3]
initParamSettings            0x41  0xf8  Code  Gb  ParamOrganizer.o [2]
main                        0x15b  0x12  Code  Gb  main.o [1]


[1] = C:\Project\ParamOrganizer\Test\Debug\Obj
[2] = C:\Project\ParamOrganizer\Test\Debug\Obj\Src
[3] = dl7M_tln.a
[4] = rt7M_tl.a
[5] = shb_l.a

    428 bytes of readonly  code memory
  1'024 bytes of readwrite data memory

Errors: none
Warnings: none
